// Jest Snapshot v1, https://goo.gl/fbAQLP

exports[`First React component test with Enzyme renders without crashing 1`] = `ShallowWrapper {}`;

exports[`First React component test with Enzyme renders without crashing 2`] = `ShallowWrapper {}`;

exports[`renders without crashing 1`] = `ShallowWrapper {}`;
