// Jest Snapshot v1, https://goo.gl/fbAQLP

exports[`creates profile 1`] = `ShallowWrapper {}`;
